#-----------------------------------------------------------
# Vivado v2020.2 (64-bit)
# SW Build 3064766 on Wed Nov 18 09:12:45 MST 2020
# IP Build 3064653 on Wed Nov 18 14:17:31 MST 2020
# Start of session at: Sun Sep 26 10:16:19 2021
# Process ID: 12484
# Current directory: C:/Users/Caetano/Desktop/PED1/Semana 10/Grupo12_Semana10_Trabalho4/Semana10_Trabalho4.sim/sim_1/behav/xsim
# Command line: vivado.exe -gui_launcher_event rodinguilauncherevent3596 C:\Users\Caetano\Desktop\PED1\Semana 10\Grupo12_Semana10_Trabalho4\Semana10_Trabalho4.sim\sim_1\behav\xsim\main_tb_behav.wdb
# Log file: C:/Users/Caetano/Desktop/PED1/Semana 10/Grupo12_Semana10_Trabalho4/Semana10_Trabalho4.sim/sim_1/behav/xsim/vivado.log
# Journal file: C:/Users/Caetano/Desktop/PED1/Semana 10/Grupo12_Semana10_Trabalho4/Semana10_Trabalho4.sim/sim_1/behav/xsim\vivado.jou
#---------------------------------------------------------start_gui
opeopen_wave_database {C:\Users\Caetano\Desktop\PED1\Semana 10\Grupo12_Semana10_Trabalho4\Semana10_Trabalho4.sim\sim_1\behav\xsim\main_tb_behavcreate_wave_config; add_wave /; set_property needs_save false [current_wave_config]
close_sim
e_sim
