#-----------------------------------------------------------
# Vivado v2020.2 (64-bit)
# SW Build 3064766 on Wed Nov 18 09:12:45 MST 2020
# IP Build 3064653 on Wed Nov 18 14:17:31 MST 2020
# Start of session at: Fri Oct 15 10:11:11 2021
# Process ID: 3788
# Current directory: C:/Users/Caetano/Desktop/PED1/Semana 13/Trabalho_6_Grupo_12
# Command line: vivado.exe -gui_launcher_event rodinguilauncherevent10084 C:\Users\Caetano\Desktop\PED1\Semana 13\Trabalho_6_Grupo_12\Trabalho_6_Grupo_12.xpr
# Log file: C:/Users/Caetano/Desktop/PED1/Semana 13/Trabalho_6_Grupo_12/vivado.log
# Journal file: C:/Users/Caetano/Desktop/PED1/Semana 13/Trabalho_6_Grupo_12\vivado.jou
#-----------------------------------------------------------
start_gui
open_project {C:/Users/Caetano/Desktop/PED1/Semana 13/Trabalho_6_Grupo_12/Trabalho_6_Grupo_12.xpr}
update_compile_order -fileset sources_1
close [ open {C:/Users/Caetano/Desktop/PED1/Semana 13/Trabalho_6_Grupo_12/Trabalho_6_Grupo_12.srcs/sources_1/new/ff_D_reset_clr_assinc.vhd} w ]
add_files {{C:/Users/Caetano/Desktop/PED1/Semana 13/Trabalho_6_Grupo_12/Trabalho_6_Grupo_12.srcs/sources_1/new/ff_D_reset_clr_assinc.vhd}}
update_compile_order -fileset sources_1
update_compile_order -fileset sources_1
reset_run synth_1
launch_runs impl_1 -to_step write_bitstream -jobs 4
wait_on_run impl_1
reset_run synth_1
launch_runs impl_1 -to_step write_bitstream -jobs 4
wait_on_run impl_1
export_ip_user_files -of_objects  [get_files {{C:/Users/Caetano/Desktop/PED1/Semana 13/Trabalho_6_Grupo_12/Trabalho_6_Grupo_12.srcs/sources_1/imports/new/ff_D_reset_slr_assinc.vhd}}] -no_script -reset -force -quiet
remove_files  {{C:/Users/Caetano/Desktop/PED1/Semana 13/Trabalho_6_Grupo_12/Trabalho_6_Grupo_12.srcs/sources_1/imports/new/ff_D_reset_slr_assinc.vhd}}
file delete -force {C:/Users/Caetano/Desktop/PED1/Semana 13/Trabalho_6_Grupo_12/Trabalho_6_Grupo_12.srcs/sources_1/imports/new/ff_D_reset_slr_assinc.vhd}
export_ip_user_files -of_objects  [get_files {{C:/Users/Caetano/Desktop/PED1/Semana 13/Trabalho_6_Grupo_12/Trabalho_6_Grupo_12.srcs/sources_1/imports/new/ff_D_reset_slr_sinc.vhd}}] -no_script -reset -force -quiet
remove_files  {{C:/Users/Caetano/Desktop/PED1/Semana 13/Trabalho_6_Grupo_12/Trabalho_6_Grupo_12.srcs/sources_1/imports/new/ff_D_reset_slr_sinc.vhd}}
file delete -force {C:/Users/Caetano/Desktop/PED1/Semana 13/Trabalho_6_Grupo_12/Trabalho_6_Grupo_12.srcs/sources_1/imports/new/ff_D_reset_slr_sinc.vhd}
reset_run synth_1
launch_runs impl_1 -to_step write_bitstream -jobs 4
wait_on_run impl_1
synth_design -rtl -rtl_skip_mlo -name rtl_1
open_run impl_1
reset_run synth_1
launch_runs impl_1 -to_step write_bitstream -jobs 4
wait_on_run impl_1
reset_run synth_1
launch_runs impl_1 -to_step write_bitstream -jobs 4
wait_on_run impl_1
close_design
reset_run synth_1
launch_runs impl_1 -to_step write_bitstream -jobs 4
wait_on_run impl_1
reset_run synth_1
launch_runs impl_1 -to_step write_bitstream -jobs 4
wait_on_run impl_1
close_design
open_run impl_1
synth_design -rtl -rtl_skip_mlo -name rtl_1
close [ open {C:/Users/Caetano/Desktop/PED1/Semana 13/Trabalho_6_Grupo_12/Trabalho_6_Grupo_12.srcs/sources_1/new/ff_D_reset.vhd} w ]
add_files {{C:/Users/Caetano/Desktop/PED1/Semana 13/Trabalho_6_Grupo_12/Trabalho_6_Grupo_12.srcs/sources_1/new/ff_D_reset.vhd}}
update_compile_order -fileset sources_1
reset_run synth_1
launch_runs impl_1 -to_step write_bitstream -jobs 4
wait_on_run impl_1
reset_run synth_1
set_property is_enabled false [get_files  {{C:/Users/Caetano/Desktop/PED1/Semana 13/Trabalho_6_Grupo_12/Trabalho_6_Grupo_12.srcs/sources_1/new/ff_D_reset.vhd}}]
launch_runs impl_1 -to_step write_bitstream -jobs 4
wait_on_run impl_1
refresh_design
reset_run synth_1
launch_runs impl_1 -to_step write_bitstream -jobs 4
wait_on_run impl_1
close [ open {C:/Users/Caetano/Desktop/PED1/Semana 13/Trabalho_6_Grupo_12/Trabalho_6_Grupo_12.srcs/sources_1/new/FF_JK_reset.vhd} w ]
add_files {{C:/Users/Caetano/Desktop/PED1/Semana 13/Trabalho_6_Grupo_12/Trabalho_6_Grupo_12.srcs/sources_1/new/FF_JK_reset.vhd}}
update_compile_order -fileset sources_1
update_compile_order -fileset sources_1
export_ip_user_files -of_objects  [get_files {{C:/Users/Caetano/Desktop/PED1/Semana 13/Trabalho_6_Grupo_12/Trabalho_6_Grupo_12.srcs/sources_1/new/FF_JK_reset.vhd}}] -no_script -reset -force -quiet
remove_files  {{C:/Users/Caetano/Desktop/PED1/Semana 13/Trabalho_6_Grupo_12/Trabalho_6_Grupo_12.srcs/sources_1/new/FF_JK_reset.vhd}}
file delete -force {C:/Users/Caetano/Desktop/PED1/Semana 13/Trabalho_6_Grupo_12/Trabalho_6_Grupo_12.srcs/sources_1/new/FF_JK_reset.vhd}
export_ip_user_files -of_objects  [get_files {{C:/Users/Caetano/Desktop/PED1/Semana 13/Trabalho_6_Grupo_12/Trabalho_6_Grupo_12.srcs/sources_1/new/ff_D_reset_clr_assinc.vhd}}] -no_script -reset -force -quiet
remove_files  {{C:/Users/Caetano/Desktop/PED1/Semana 13/Trabalho_6_Grupo_12/Trabalho_6_Grupo_12.srcs/sources_1/new/ff_D_reset_clr_assinc.vhd}}
file delete -force {C:/Users/Caetano/Desktop/PED1/Semana 13/Trabalho_6_Grupo_12/Trabalho_6_Grupo_12.srcs/sources_1/new/ff_D_reset_clr_assinc.vhd}
export_ip_user_files -of_objects  [get_files {{C:/Users/Caetano/Desktop/PED1/Semana 13/Trabalho_6_Grupo_12/Trabalho_6_Grupo_12.srcs/sources_1/new/ff_D_reset.vhd}}] -no_script -reset -force -quiet
remove_files  {{C:/Users/Caetano/Desktop/PED1/Semana 13/Trabalho_6_Grupo_12/Trabalho_6_Grupo_12.srcs/sources_1/new/ff_D_reset.vhd}}
file delete -force {C:/Users/Caetano/Desktop/PED1/Semana 13/Trabalho_6_Grupo_12/Trabalho_6_Grupo_12.srcs/sources_1/new/ff_D_reset.vhd}
close [ open {C:/Users/Caetano/Desktop/PED1/Semana 13/Trabalho_6_Grupo_12/Trabalho_6_Grupo_12.srcs/sources_1/new/ff_D_reset.vhd} w ]
add_files {{C:/Users/Caetano/Desktop/PED1/Semana 13/Trabalho_6_Grupo_12/Trabalho_6_Grupo_12.srcs/sources_1/new/ff_D_reset.vhd}}
update_compile_order -fileset sources_1
reset_run synth_1
launch_runs impl_1 -to_step write_bitstream -jobs 4
wait_on_run impl_1
reset_run synth_1
launch_runs impl_1 -to_step write_bitstream -jobs 4
wait_on_run impl_1
reset_run synth_1
launch_runs impl_1 -to_step write_bitstream -jobs 4
wait_on_run impl_1
